export const snapshot = {};

snapshot[`Affinity > lists > can get all 1`] = `
[
  {
    id: 450,
    list_size: 67,
    name: "My List of People",
    owner_id: 38706,
    public: true,
    type: 0,
  },
  {
    id: 383,
    list_size: 50,
    name: "My List of Organizations",
    owner_id: 38706,
    public: true,
    type: 1,
  },
  {
    id: 384,
    list_size: 23,
    name: "My List of Opportunities",
    owner_id: 38706,
    public: true,
    type: 8,
  },
]
`;

snapshot[`Affinity > lists > can get one 1`] = `
{
  fields: [
    {
      allows_multiple: false,
      dropdown_options: [
        {
          color: 0,
          id: 886,
          rank: 1,
          text: "Interested",
        },
      ],
      id: 1625,
      name: "Status",
      value_type: 7,
    },
    {
      allows_multiple: true,
      dropdown_options: [],
      id: 1626,
      name: "Owners",
      value_type: 0,
    },
  ],
  id: 450,
  list_size: 67,
  name: "My List of People",
  owner_id: 38706,
  public: true,
  type: 0,
}
`;

snapshot[`Affinity > lists > can create 1`] = `
{
  additional_permissions: [
    {
      internal_person_id: 38701,
      role_id: 0,
    },
    {
      internal_person_id: 38703,
      role_id: 1,
    },
    {
      internal_person_id: 38900,
      role_id: 0,
    },
  ],
  creator_id: 38701,
  id: 383,
  list_size: 0,
  name: "My List of Organizations",
  owner_id: 38706,
  public: true,
  type: 1,
}
`;
